Archive member included to satisfy reference by file (symbol)

/usr/lib/gcc/avr/4.9.2/avr4/libgcc.a(_exit.o)
                              /usr/lib/gcc/avr/4.9.2/../../../avr/lib/avr4/crtatmega8.o (exit)
/usr/lib/gcc/avr/4.9.2/avr4/libgcc.a(_copy_data.o)
                              obj/Release/main.o (__do_copy_data)
/usr/lib/gcc/avr/4.9.2/avr4/libgcc.a(_clear_bss.o)
                              obj/Release/main.o (__do_clear_bss)
/usr/lib/avr/lib//libm.a(fixunssfsi.o)
                              obj/Release/main.o (__fixunssfsi)
/usr/lib/avr/lib//libm.a(floatsisf.o)
                              obj/Release/main.o (__floatunsisf)
/usr/lib/avr/lib//libm.a(fp_split3.o)
                              /usr/lib/avr/lib//libm.a(fixunssfsi.o) (__fp_splitA)
/usr/lib/avr/lib//libm.a(fp_zero.o)
                              /usr/lib/avr/lib//libm.a(fixunssfsi.o) (__fp_zero)
/usr/lib/avr/lib//libm.a(mulsf3.o)
                              obj/Release/main.o (__mulsf3)
/usr/lib/avr/lib//libm.a(mulsf3x.o)
                              /usr/lib/avr/lib//libm.a(mulsf3.o) (__mulsf3x)
/usr/lib/avr/lib//libm.a(fp_inf.o)
                              /usr/lib/avr/lib//libm.a(mulsf3x.o) (__fp_inf)
/usr/lib/avr/lib//libm.a(fp_nan.o)
                              /usr/lib/avr/lib//libm.a(mulsf3x.o) (__fp_nan)
/usr/lib/avr/lib//libm.a(fp_pscA.o)
                              /usr/lib/avr/lib//libm.a(mulsf3x.o) (__fp_pscA)
/usr/lib/avr/lib//libm.a(fp_pscB.o)
                              /usr/lib/avr/lib//libm.a(mulsf3x.o) (__fp_pscB)
/usr/lib/avr/lib//libm.a(fp_round.o)
                              /usr/lib/avr/lib//libm.a(mulsf3.o) (__fp_round)
/usr/lib/avr/lib//libc.a(itoa_ncheck.o)
                              obj/Release/main.o (__itoa_ncheck)
/usr/lib/avr/lib//libc.a(utoa_ncheck.o)
                              /usr/lib/avr/lib//libc.a(itoa_ncheck.o) (__utoa_common)
/usr/lib/avr/lib//libc.a(strrev.o)
                              /usr/lib/avr/lib//libc.a(utoa_ncheck.o) (strrev)
/usr/lib/gcc/avr/4.9.2/../../../avr/lib/avr4/libatmega8.a(eerd_byte.o)
                              obj/Release/main.o (eeprom_read_byte)
/usr/lib/gcc/avr/4.9.2/../../../avr/lib/avr4/libatmega8.a(eewr_byte.o)
                              obj/Release/main.o (eeprom_write_byte)

Memory Configuration

Name             Origin             Length             Attributes
text             0x0000000000000000 0x0000000000002000 xr
data             0x0000000000800060 0x000000000000ffa0 rw !x
eeprom           0x0000000000810000 0x0000000000010000 rw !x
fuse             0x0000000000820000 0x0000000000000400 rw !x
lock             0x0000000000830000 0x0000000000000400 rw !x
signature        0x0000000000840000 0x0000000000000400 rw !x
user_signatures  0x0000000000850000 0x0000000000000400 rw !x
*default*        0x0000000000000000 0xffffffffffffffff

Linker script and memory map

LOAD /usr/lib/gcc/avr/4.9.2/../../../avr/lib/avr4/crtatmega8.o
LOAD obj/Release/main.o
LOAD obj/Release/uart.o
Address of section .data set to 0x801100
LOAD /usr/lib/gcc/avr/4.9.2/avr4/libgcc.a
LOAD /usr/lib/avr/lib//libm.a
START GROUP
LOAD /usr/lib/gcc/avr/4.9.2/avr4/libgcc.a
LOAD /usr/lib/avr/lib//libm.a
LOAD /usr/lib/avr/lib//libc.a
LOAD /usr/lib/gcc/avr/4.9.2/../../../avr/lib/avr4/libatmega8.a
END GROUP

.hash
 *(.hash)

.dynsym
 *(.dynsym)

.dynstr
 *(.dynstr)

.gnu.version
 *(.gnu.version)

.gnu.version_d
 *(.gnu.version_d)

.gnu.version_r
 *(.gnu.version_r)

.rel.init
 *(.rel.init)

.rela.init
 *(.rela.init)

.rel.text
 *(.rel.text)
 *(.rel.text.*)
 *(.rel.gnu.linkonce.t*)

.rela.text
 *(.rela.text)
 *(.rela.text.*)
 *(.rela.gnu.linkonce.t*)

.rel.fini
 *(.rel.fini)

.rela.fini
 *(.rela.fini)

.rel.rodata
 *(.rel.rodata)
 *(.rel.rodata.*)
 *(.rel.gnu.linkonce.r*)

.rela.rodata
 *(.rela.rodata)
 *(.rela.rodata.*)
 *(.rela.gnu.linkonce.r*)

.rel.data
 *(.rel.data)
 *(.rel.data.*)
 *(.rel.gnu.linkonce.d*)

.rela.data
 *(.rela.data)
 *(.rela.data.*)
 *(.rela.gnu.linkonce.d*)

.rel.ctors
 *(.rel.ctors)

.rela.ctors
 *(.rela.ctors)

.rel.dtors
 *(.rel.dtors)

.rela.dtors
 *(.rela.dtors)

.rel.got
 *(.rel.got)

.rela.got
 *(.rela.got)

.rel.bss
 *(.rel.bss)

.rela.bss
 *(.rela.bss)

.rel.plt
 *(.rel.plt)

.rela.plt
 *(.rela.plt)

.text           0x0000000000000000      0xafc
 *(.vectors)
 .vectors       0x0000000000000000       0x26 /usr/lib/gcc/avr/4.9.2/../../../avr/lib/avr4/crtatmega8.o
                0x0000000000000000                __vectors
                0x0000000000000000                __vector_default
 *(.vectors)
 *(.progmem.gcc*)
                0x0000000000000026                . = ALIGN (0x2)
                0x0000000000000026                __trampolines_start = .
 *(.trampolines)
 .trampolines   0x0000000000000026        0x0 linker stubs
 *(.trampolines*)
                0x0000000000000026                __trampolines_end = .
 *(.progmem*)
                0x0000000000000026                . = ALIGN (0x2)
 *(.jumptables)
 *(.jumptables*)
 *(.lowtext)
 *(.lowtext*)
                0x0000000000000026                __ctors_start = .
 *(.ctors)
                0x0000000000000026                __ctors_end = .
                0x0000000000000026                __dtors_start = .
 *(.dtors)
                0x0000000000000026                __dtors_end = .
 SORT(*)(.ctors)
 SORT(*)(.dtors)
 *(.init0)
 .init0         0x0000000000000026        0x0 /usr/lib/gcc/avr/4.9.2/../../../avr/lib/avr4/crtatmega8.o
                0x0000000000000026                __init
 *(.init0)
 *(.init1)
 *(.init1)
 *(.init2)
 .init2         0x0000000000000026        0xc /usr/lib/gcc/avr/4.9.2/../../../avr/lib/avr4/crtatmega8.o
 *(.init2)
 *(.init3)
 *(.init3)
 *(.init4)
 .init4         0x0000000000000032       0x16 /usr/lib/gcc/avr/4.9.2/avr4/libgcc.a(_copy_data.o)
                0x0000000000000032                __do_copy_data
 .init4         0x0000000000000048       0x10 /usr/lib/gcc/avr/4.9.2/avr4/libgcc.a(_clear_bss.o)
                0x0000000000000048                __do_clear_bss
 *(.init4)
 *(.init5)
 *(.init5)
 *(.init6)
 *(.init6)
 *(.init7)
 *(.init7)
 *(.init8)
 *(.init8)
 *(.init9)
 .init9         0x0000000000000058        0x4 /usr/lib/gcc/avr/4.9.2/../../../avr/lib/avr4/crtatmega8.o
 *(.init9)
 *(.text)
 .text          0x000000000000005c        0x2 /usr/lib/gcc/avr/4.9.2/../../../avr/lib/avr4/crtatmega8.o
                0x000000000000005c                __vector_1
                0x000000000000005c                __bad_interrupt
                0x000000000000005c                __vector_6
                0x000000000000005c                __vector_3
                0x000000000000005c                __vector_13
                0x000000000000005c                __vector_17
                0x000000000000005c                __vector_7
                0x000000000000005c                __vector_5
                0x000000000000005c                __vector_4
                0x000000000000005c                __vector_9
                0x000000000000005c                __vector_15
                0x000000000000005c                __vector_14
                0x000000000000005c                __vector_10
                0x000000000000005c                __vector_16
                0x000000000000005c                __vector_18
 .text          0x000000000000005e      0x4b8 obj/Release/main.o
                0x000000000000005e                __vector_8
                0x00000000000000cc                __vector_2
                0x00000000000000fa                _Z4initv
                0x00000000000001ae                _Z6buttonv
                0x00000000000001b8                _Z11shiftSensorv
                0x00000000000001c2                _Z6setLedhb
                0x00000000000001f4                _Z9toggleLedh
                0x0000000000000208                _Z11setIgnitionb
                0x0000000000000214                _Z10rpmToIndexj
                0x00000000000002b2                _Z14printSetupModev
                0x00000000000002ca                _Z20printSingleShiftTimePhh
                0x000000000000034c                _Z14printShifttimePh
                0x00000000000003ee                _Z8printRPMj
                0x0000000000000430                _Z10printErrorPc
                0x000000000000044a                _Z14printThresholdh
                0x0000000000000482                _Z19readSetupModeEnablev
                0x0000000000000492                _Z11readCommandRhS_S_
 .text          0x0000000000000516      0x15a obj/Release/uart.o
                0x0000000000000516                __vector_11
                0x000000000000056e                __vector_12
                0x00000000000005b8                _Z9uart_initj
                0x00000000000005e0                _Z9uart_getcv
                0x000000000000061c                _Z9uart_putch
                0x000000000000063e                _Z9uart_putsPKc
                0x0000000000000654                _Z11uart_puts_pPKc
 .text          0x0000000000000670        0x0 /usr/lib/gcc/avr/4.9.2/avr4/libgcc.a(_exit.o)
 .text          0x0000000000000670        0x0 /usr/lib/gcc/avr/4.9.2/avr4/libgcc.a(_copy_data.o)
 .text          0x0000000000000670        0x0 /usr/lib/gcc/avr/4.9.2/avr4/libgcc.a(_clear_bss.o)
 .text          0x0000000000000670        0x0 /usr/lib/avr/lib//libm.a(fixunssfsi.o)
 .text          0x0000000000000670        0x0 /usr/lib/avr/lib//libm.a(floatsisf.o)
 .text          0x0000000000000670        0x0 /usr/lib/avr/lib//libm.a(fp_split3.o)
 .text          0x0000000000000670        0x0 /usr/lib/avr/lib//libm.a(fp_zero.o)
 .text          0x0000000000000670        0x0 /usr/lib/avr/lib//libm.a(mulsf3.o)
 .text          0x0000000000000670        0x0 /usr/lib/avr/lib//libm.a(mulsf3x.o)
 .text          0x0000000000000670        0x0 /usr/lib/avr/lib//libm.a(fp_inf.o)
 .text          0x0000000000000670        0x0 /usr/lib/avr/lib//libm.a(fp_nan.o)
 .text          0x0000000000000670        0x0 /usr/lib/avr/lib//libm.a(fp_pscA.o)
 .text          0x0000000000000670        0x0 /usr/lib/avr/lib//libm.a(fp_pscB.o)
 .text          0x0000000000000670        0x0 /usr/lib/avr/lib//libm.a(fp_round.o)
 .text          0x0000000000000670        0x0 /usr/lib/avr/lib//libc.a(itoa_ncheck.o)
 .text          0x0000000000000670        0x0 /usr/lib/avr/lib//libc.a(utoa_ncheck.o)
 .text          0x0000000000000670        0x0 /usr/lib/avr/lib//libc.a(strrev.o)
 .text          0x0000000000000670        0x0 /usr/lib/gcc/avr/4.9.2/../../../avr/lib/avr4/libatmega8.a(eerd_byte.o)
 .text          0x0000000000000670        0x0 /usr/lib/gcc/avr/4.9.2/../../../avr/lib/avr4/libatmega8.a(eewr_byte.o)
                0x0000000000000670                . = ALIGN (0x2)
 *(.text.*)
 .text.startup  0x0000000000000670      0x1a4 obj/Release/main.o
                0x0000000000000670                main
 .text.libgcc.mul
                0x0000000000000814        0x0 /usr/lib/gcc/avr/4.9.2/avr4/libgcc.a(_exit.o)
 .text.libgcc.div
                0x0000000000000814        0x0 /usr/lib/gcc/avr/4.9.2/avr4/libgcc.a(_exit.o)
 .text.libgcc   0x0000000000000814        0x0 /usr/lib/gcc/avr/4.9.2/avr4/libgcc.a(_exit.o)
 .text.libgcc.prologue
                0x0000000000000814        0x0 /usr/lib/gcc/avr/4.9.2/avr4/libgcc.a(_exit.o)
 .text.libgcc.builtins
                0x0000000000000814        0x0 /usr/lib/gcc/avr/4.9.2/avr4/libgcc.a(_exit.o)
 .text.libgcc.fmul
                0x0000000000000814        0x0 /usr/lib/gcc/avr/4.9.2/avr4/libgcc.a(_exit.o)
 .text.libgcc.fixed
                0x0000000000000814        0x0 /usr/lib/gcc/avr/4.9.2/avr4/libgcc.a(_exit.o)
 .text.libgcc.mul
                0x0000000000000814        0x0 /usr/lib/gcc/avr/4.9.2/avr4/libgcc.a(_copy_data.o)
 .text.libgcc.div
                0x0000000000000814        0x0 /usr/lib/gcc/avr/4.9.2/avr4/libgcc.a(_copy_data.o)
 .text.libgcc   0x0000000000000814        0x0 /usr/lib/gcc/avr/4.9.2/avr4/libgcc.a(_copy_data.o)
 .text.libgcc.prologue
                0x0000000000000814        0x0 /usr/lib/gcc/avr/4.9.2/avr4/libgcc.a(_copy_data.o)
 .text.libgcc.builtins
                0x0000000000000814        0x0 /usr/lib/gcc/avr/4.9.2/avr4/libgcc.a(_copy_data.o)
 .text.libgcc.fmul
                0x0000000000000814        0x0 /usr/lib/gcc/avr/4.9.2/avr4/libgcc.a(_copy_data.o)
 .text.libgcc.fixed
                0x0000000000000814        0x0 /usr/lib/gcc/avr/4.9.2/avr4/libgcc.a(_copy_data.o)
 .text.libgcc.mul
                0x0000000000000814        0x0 /usr/lib/gcc/avr/4.9.2/avr4/libgcc.a(_clear_bss.o)
 .text.libgcc.div
                0x0000000000000814        0x0 /usr/lib/gcc/avr/4.9.2/avr4/libgcc.a(_clear_bss.o)
 .text.libgcc   0x0000000000000814        0x0 /usr/lib/gcc/avr/4.9.2/avr4/libgcc.a(_clear_bss.o)
 .text.libgcc.prologue
                0x0000000000000814        0x0 /usr/lib/gcc/avr/4.9.2/avr4/libgcc.a(_clear_bss.o)
 .text.libgcc.builtins
                0x0000000000000814        0x0 /usr/lib/gcc/avr/4.9.2/avr4/libgcc.a(_clear_bss.o)
 .text.libgcc.fmul
                0x0000000000000814        0x0 /usr/lib/gcc/avr/4.9.2/avr4/libgcc.a(_clear_bss.o)
 .text.libgcc.fixed
                0x0000000000000814        0x0 /usr/lib/gcc/avr/4.9.2/avr4/libgcc.a(_clear_bss.o)
 .text.avr-libc.fplib
                0x0000000000000814       0x58 /usr/lib/avr/lib//libm.a(fixunssfsi.o)
                0x0000000000000814                __fixunssfsi
 .text.avr-libc.fplib
                0x000000000000086c       0x7a /usr/lib/avr/lib//libm.a(floatsisf.o)
                0x000000000000086c                __floatunsisf
                0x0000000000000870                __floatsisf
 .text.avr-libc.fplib
                0x00000000000008e6       0x44 /usr/lib/avr/lib//libm.a(fp_split3.o)
                0x00000000000008e6                __fp_split3
                0x00000000000008f6                __fp_splitA
 .text.avr-libc.fplib
                0x000000000000092a       0x10 /usr/lib/avr/lib//libm.a(fp_zero.o)
                0x000000000000092a                __fp_zero
                0x000000000000092c                __fp_szero
 .text.avr-libc.fplib
                0x000000000000093a        0x4 /usr/lib/avr/lib//libm.a(mulsf3.o)
                0x000000000000093a                __mulsf3
 .text.avr-libc.fplib
                0x000000000000093e       0xd2 /usr/lib/avr/lib//libm.a(mulsf3x.o)
                0x0000000000000950                __mulsf3x
                0x0000000000000954                __mulsf3_pse
 .text.avr-libc.fplib
                0x0000000000000a10        0xc /usr/lib/avr/lib//libm.a(fp_inf.o)
                0x0000000000000a10                __fp_inf
 .text.avr-libc.fplib
                0x0000000000000a1c        0x6 /usr/lib/avr/lib//libm.a(fp_nan.o)
                0x0000000000000a1c                __fp_nan
 .text.avr-libc.fplib
                0x0000000000000a22        0xe /usr/lib/avr/lib//libm.a(fp_pscA.o)
                0x0000000000000a22                __fp_pscA
 .text.avr-libc.fplib
                0x0000000000000a30        0xe /usr/lib/avr/lib//libm.a(fp_pscB.o)
                0x0000000000000a30                __fp_pscB
 .text.avr-libc.fplib
                0x0000000000000a3e       0x22 /usr/lib/avr/lib//libm.a(fp_round.o)
                0x0000000000000a3e                __fp_round
 .text.avr-libc
                0x0000000000000a60       0x14 /usr/lib/avr/lib//libc.a(itoa_ncheck.o)
                0x0000000000000a60                __itoa_ncheck
 .text.avr-libc
                0x0000000000000a74       0x36 /usr/lib/avr/lib//libc.a(utoa_ncheck.o)
                0x0000000000000a74                __utoa_ncheck
                0x0000000000000a76                __utoa_common
 .text.avr-libc
                0x0000000000000aaa       0x24 /usr/lib/avr/lib//libc.a(strrev.o)
                0x0000000000000aaa                strrev
 .text.avr-libc
                0x0000000000000ace       0x10 /usr/lib/gcc/avr/4.9.2/../../../avr/lib/avr4/libatmega8.a(eerd_byte.o)
                0x0000000000000ace                eeprom_read_byte
 .text.avr-libc
                0x0000000000000ade       0x1a /usr/lib/gcc/avr/4.9.2/../../../avr/lib/avr4/libatmega8.a(eewr_byte.o)
                0x0000000000000ade                eeprom_write_byte
                0x0000000000000ae0                eeprom_write_r18
                0x0000000000000af8                . = ALIGN (0x2)
 *(.fini9)
 .fini9         0x0000000000000af8        0x0 /usr/lib/gcc/avr/4.9.2/avr4/libgcc.a(_exit.o)
                0x0000000000000af8                exit
                0x0000000000000af8                _exit
 *(.fini9)
 *(.fini8)
 *(.fini8)
 *(.fini7)
 *(.fini7)
 *(.fini6)
 *(.fini6)
 *(.fini5)
 *(.fini5)
 *(.fini4)
 *(.fini4)
 *(.fini3)
 *(.fini3)
 *(.fini2)
 *(.fini2)
 *(.fini1)
 *(.fini1)
 *(.fini0)
 .fini0         0x0000000000000af8        0x4 /usr/lib/gcc/avr/4.9.2/avr4/libgcc.a(_exit.o)
 *(.fini0)
                0x0000000000000afc                _etext = .

.data           0x0000000000801100      0x18c load address 0x0000000000000afc
                0x0000000000801100                PROVIDE (__data_start, .)
 *(.data)
 .data          0x0000000000801100        0x0 /usr/lib/gcc/avr/4.9.2/../../../avr/lib/avr4/crtatmega8.o
 .data          0x0000000000801100        0x4 obj/Release/main.o
                0x0000000000801100                disabletime_ms
                0x0000000000801102                lower_threshold
                0x0000000000801103                fsetupMode
 .data          0x0000000000801104        0x0 obj/Release/uart.o
 .data          0x0000000000801104        0x0 /usr/lib/gcc/avr/4.9.2/avr4/libgcc.a(_exit.o)
 .data          0x0000000000801104        0x0 /usr/lib/gcc/avr/4.9.2/avr4/libgcc.a(_copy_data.o)
 .data          0x0000000000801104        0x0 /usr/lib/gcc/avr/4.9.2/avr4/libgcc.a(_clear_bss.o)
 .data          0x0000000000801104        0x0 /usr/lib/avr/lib//libm.a(fixunssfsi.o)
 .data          0x0000000000801104        0x0 /usr/lib/avr/lib//libm.a(floatsisf.o)
 .data          0x0000000000801104        0x0 /usr/lib/avr/lib//libm.a(fp_split3.o)
 .data          0x0000000000801104        0x0 /usr/lib/avr/lib//libm.a(fp_zero.o)
 .data          0x0000000000801104        0x0 /usr/lib/avr/lib//libm.a(mulsf3.o)
 .data          0x0000000000801104        0x0 /usr/lib/avr/lib//libm.a(mulsf3x.o)
 .data          0x0000000000801104        0x0 /usr/lib/avr/lib//libm.a(fp_inf.o)
 .data          0x0000000000801104        0x0 /usr/lib/avr/lib//libm.a(fp_nan.o)
 .data          0x0000000000801104        0x0 /usr/lib/avr/lib//libm.a(fp_pscA.o)
 .data          0x0000000000801104        0x0 /usr/lib/avr/lib//libm.a(fp_pscB.o)
 .data          0x0000000000801104        0x0 /usr/lib/avr/lib//libm.a(fp_round.o)
 .data          0x0000000000801104        0x0 /usr/lib/avr/lib//libc.a(itoa_ncheck.o)
 .data          0x0000000000801104        0x0 /usr/lib/avr/lib//libc.a(utoa_ncheck.o)
 .data          0x0000000000801104        0x0 /usr/lib/avr/lib//libc.a(strrev.o)
 .data          0x0000000000801104        0x0 /usr/lib/gcc/avr/4.9.2/../../../avr/lib/avr4/libatmega8.a(eerd_byte.o)
 .data          0x0000000000801104        0x0 /usr/lib/gcc/avr/4.9.2/../../../avr/lib/avr4/libatmega8.a(eewr_byte.o)
 *(.data*)
 *(.rodata)
 .rodata        0x0000000000801104        0xe obj/Release/main.o
 *(.rodata*)
 .rodata.str1.1
                0x0000000000801112      0x179 obj/Release/main.o
                                        0x17e (size before relaxing)
 *(.gnu.linkonce.d*)
                0x000000000080128c                . = ALIGN (0x2)
 *fill*         0x000000000080128b        0x1 
                0x000000000080128c                _edata = .
                0x000000000080128c                PROVIDE (__data_end, .)

.bss            0x000000000080128c       0x58
                0x000000000080128c                PROVIDE (__bss_start, .)
 *(.bss)
 .bss           0x000000000080128c        0x0 /usr/lib/gcc/avr/4.9.2/../../../avr/lib/avr4/crtatmega8.o
 .bss           0x000000000080128c       0x13 obj/Release/main.o
                0x000000000080128c                shifttime_ms
                0x000000000080129a                fenabled
                0x000000000080129b                rpm_slope_count
                0x000000000080129d                rpm_frequency
 .bss           0x000000000080129f       0x45 obj/Release/uart.o
 .bss           0x00000000008012e4        0x0 /usr/lib/gcc/avr/4.9.2/avr4/libgcc.a(_exit.o)
 .bss           0x00000000008012e4        0x0 /usr/lib/gcc/avr/4.9.2/avr4/libgcc.a(_copy_data.o)
 .bss           0x00000000008012e4        0x0 /usr/lib/gcc/avr/4.9.2/avr4/libgcc.a(_clear_bss.o)
 .bss           0x00000000008012e4        0x0 /usr/lib/avr/lib//libm.a(fixunssfsi.o)
 .bss           0x00000000008012e4        0x0 /usr/lib/avr/lib//libm.a(floatsisf.o)
 .bss           0x00000000008012e4        0x0 /usr/lib/avr/lib//libm.a(fp_split3.o)
 .bss           0x00000000008012e4        0x0 /usr/lib/avr/lib//libm.a(fp_zero.o)
 .bss           0x00000000008012e4        0x0 /usr/lib/avr/lib//libm.a(mulsf3.o)
 .bss           0x00000000008012e4        0x0 /usr/lib/avr/lib//libm.a(mulsf3x.o)
 .bss           0x00000000008012e4        0x0 /usr/lib/avr/lib//libm.a(fp_inf.o)
 .bss           0x00000000008012e4        0x0 /usr/lib/avr/lib//libm.a(fp_nan.o)
 .bss           0x00000000008012e4        0x0 /usr/lib/avr/lib//libm.a(fp_pscA.o)
 .bss           0x00000000008012e4        0x0 /usr/lib/avr/lib//libm.a(fp_pscB.o)
 .bss           0x00000000008012e4        0x0 /usr/lib/avr/lib//libm.a(fp_round.o)
 .bss           0x00000000008012e4        0x0 /usr/lib/avr/lib//libc.a(itoa_ncheck.o)
 .bss           0x00000000008012e4        0x0 /usr/lib/avr/lib//libc.a(utoa_ncheck.o)
 .bss           0x00000000008012e4        0x0 /usr/lib/avr/lib//libc.a(strrev.o)
 .bss           0x00000000008012e4        0x0 /usr/lib/gcc/avr/4.9.2/../../../avr/lib/avr4/libatmega8.a(eerd_byte.o)
 .bss           0x00000000008012e4        0x0 /usr/lib/gcc/avr/4.9.2/../../../avr/lib/avr4/libatmega8.a(eewr_byte.o)
 *(.bss*)
 *(COMMON)
                0x00000000008012e4                PROVIDE (__bss_end, .)
                0x0000000000000afc                __data_load_start = LOADADDR (.data)
                0x0000000000000c88                __data_load_end = (__data_load_start + SIZEOF (.data))

.noinit         0x00000000008012e4        0x0
                0x00000000008012e4                PROVIDE (__noinit_start, .)
 *(.noinit*)
                0x00000000008012e4                PROVIDE (__noinit_end, .)
                0x00000000008012e4                _end = .
                0x00000000008012e4                PROVIDE (__heap_start, .)

.eeprom         0x0000000000810000        0x0
 *(.eeprom*)
                0x0000000000810000                __eeprom_end = .

.fuse
 *(.fuse)
 *(.lfuse)
 *(.hfuse)
 *(.efuse)

.lock
 *(.lock*)

.signature
 *(.signature*)

.user_signatures
 *(.user_signatures*)

.stab
 *(.stab)

.stabstr
 *(.stabstr)

.stab.excl
 *(.stab.excl)

.stab.exclstr
 *(.stab.exclstr)

.stab.index
 *(.stab.index)

.stab.indexstr
 *(.stab.indexstr)

.comment        0x0000000000000000       0x11
 *(.comment)
 .comment       0x0000000000000000       0x11 obj/Release/main.o
                                         0x12 (size before relaxing)
 .comment       0x0000000000000011       0x12 obj/Release/uart.o

.note.gnu.avr.deviceinfo
                0x0000000000000000       0x3c
 .note.gnu.avr.deviceinfo
                0x0000000000000000       0x3c /usr/lib/gcc/avr/4.9.2/../../../avr/lib/avr4/crtatmega8.o

.note.gnu.build-id
 *(.note.gnu.build-id)

.debug
 *(.debug)

.line
 *(.line)

.debug_srcinfo
 *(.debug_srcinfo)

.debug_sfnames
 *(.debug_sfnames)

.debug_aranges
 *(.debug_aranges)

.debug_pubnames
 *(.debug_pubnames)

.debug_info
 *(.debug_info .gnu.linkonce.wi.*)

.debug_abbrev
 *(.debug_abbrev)

.debug_line
 *(.debug_line .debug_line.* .debug_line_end)

.debug_frame
 *(.debug_frame)

.debug_str
 *(.debug_str)

.debug_loc
 *(.debug_loc)

.debug_macinfo
 *(.debug_macinfo)

.debug_weaknames
 *(.debug_weaknames)

.debug_funcnames
 *(.debug_funcnames)

.debug_typenames
 *(.debug_typenames)

.debug_varnames
 *(.debug_varnames)

.debug_pubtypes
 *(.debug_pubtypes)

.debug_ranges
 *(.debug_ranges)

.debug_macro
 *(.debug_macro)
OUTPUT(bin/Release/QSD67LC.elf elf32-avr)
LOAD linker stubs

Cross Reference Table

Symbol                                            File
_Z10printErrorPc                                  obj/Release/main.o
_Z10rpmToIndexj                                   obj/Release/main.o
_Z11readCommandRhS_S_                             obj/Release/main.o
_Z11setIgnitionb                                  obj/Release/main.o
_Z11shiftSensorv                                  obj/Release/main.o
_Z11uart_puts_pPKc                                obj/Release/uart.o
_Z14printSetupModev                               obj/Release/main.o
_Z14printShifttimePh                              obj/Release/main.o
_Z14printThresholdh                               obj/Release/main.o
_Z19readSetupModeEnablev                          obj/Release/main.o
_Z20printSingleShiftTimePhh                       obj/Release/main.o
_Z4initv                                          obj/Release/main.o
_Z6buttonv                                        obj/Release/main.o
_Z6setLedhb                                       obj/Release/main.o
_Z8printRPMj                                      obj/Release/main.o
_Z9toggleLedh                                     obj/Release/main.o
_Z9uart_getcv                                     obj/Release/uart.o
                                                  obj/Release/main.o
_Z9uart_initj                                     obj/Release/uart.o
                                                  obj/Release/main.o
_Z9uart_putch                                     obj/Release/uart.o
_Z9uart_putsPKc                                   obj/Release/uart.o
                                                  obj/Release/main.o
__bad_interrupt                                   /usr/lib/gcc/avr/4.9.2/../../../avr/lib/avr4/crtatmega8.o
__bss_end                                         /usr/lib/gcc/avr/4.9.2/avr4/libgcc.a(_clear_bss.o)
__bss_start                                       /usr/lib/gcc/avr/4.9.2/avr4/libgcc.a(_clear_bss.o)
__data_end                                        /usr/lib/gcc/avr/4.9.2/avr4/libgcc.a(_copy_data.o)
__data_load_start                                 /usr/lib/gcc/avr/4.9.2/avr4/libgcc.a(_copy_data.o)
__data_start                                      /usr/lib/gcc/avr/4.9.2/avr4/libgcc.a(_copy_data.o)
__do_clear_bss                                    /usr/lib/gcc/avr/4.9.2/avr4/libgcc.a(_clear_bss.o)
                                                  obj/Release/uart.o
                                                  obj/Release/main.o
__do_copy_data                                    /usr/lib/gcc/avr/4.9.2/avr4/libgcc.a(_copy_data.o)
                                                  obj/Release/main.o
__fixunssfsi                                      /usr/lib/avr/lib//libm.a(fixunssfsi.o)
                                                  obj/Release/main.o
__floatsisf                                       /usr/lib/avr/lib//libm.a(floatsisf.o)
__floatunsisf                                     /usr/lib/avr/lib//libm.a(floatsisf.o)
                                                  obj/Release/main.o
__fp_inf                                          /usr/lib/avr/lib//libm.a(fp_inf.o)
                                                  /usr/lib/avr/lib//libm.a(mulsf3x.o)
__fp_nan                                          /usr/lib/avr/lib//libm.a(fp_nan.o)
                                                  /usr/lib/avr/lib//libm.a(mulsf3x.o)
__fp_pscA                                         /usr/lib/avr/lib//libm.a(fp_pscA.o)
                                                  /usr/lib/avr/lib//libm.a(mulsf3x.o)
__fp_pscB                                         /usr/lib/avr/lib//libm.a(fp_pscB.o)
                                                  /usr/lib/avr/lib//libm.a(mulsf3x.o)
__fp_round                                        /usr/lib/avr/lib//libm.a(fp_round.o)
                                                  /usr/lib/avr/lib//libm.a(mulsf3.o)
__fp_split3                                       /usr/lib/avr/lib//libm.a(fp_split3.o)
                                                  /usr/lib/avr/lib//libm.a(mulsf3x.o)
__fp_splitA                                       /usr/lib/avr/lib//libm.a(fp_split3.o)
                                                  /usr/lib/avr/lib//libm.a(fixunssfsi.o)
__fp_szero                                        /usr/lib/avr/lib//libm.a(fp_zero.o)
                                                  /usr/lib/avr/lib//libm.a(mulsf3x.o)
__fp_zero                                         /usr/lib/avr/lib//libm.a(fp_zero.o)
                                                  /usr/lib/avr/lib//libm.a(fixunssfsi.o)
__heap_end                                        /usr/lib/gcc/avr/4.9.2/../../../avr/lib/avr4/crtatmega8.o
__init                                            /usr/lib/gcc/avr/4.9.2/../../../avr/lib/avr4/crtatmega8.o
__itoa_ncheck                                     /usr/lib/avr/lib//libc.a(itoa_ncheck.o)
                                                  obj/Release/main.o
__mulsf3                                          /usr/lib/avr/lib//libm.a(mulsf3.o)
                                                  obj/Release/main.o
__mulsf3_pse                                      /usr/lib/avr/lib//libm.a(mulsf3x.o)
__mulsf3x                                         /usr/lib/avr/lib//libm.a(mulsf3x.o)
                                                  /usr/lib/avr/lib//libm.a(mulsf3.o)
__stack                                           /usr/lib/gcc/avr/4.9.2/../../../avr/lib/avr4/crtatmega8.o
__utoa_common                                     /usr/lib/avr/lib//libc.a(utoa_ncheck.o)
                                                  /usr/lib/avr/lib//libc.a(itoa_ncheck.o)
__utoa_ncheck                                     /usr/lib/avr/lib//libc.a(utoa_ncheck.o)
__vector_1                                        /usr/lib/gcc/avr/4.9.2/../../../avr/lib/avr4/crtatmega8.o
__vector_10                                       /usr/lib/gcc/avr/4.9.2/../../../avr/lib/avr4/crtatmega8.o
__vector_11                                       obj/Release/uart.o
                                                  /usr/lib/gcc/avr/4.9.2/../../../avr/lib/avr4/crtatmega8.o
__vector_12                                       obj/Release/uart.o
                                                  /usr/lib/gcc/avr/4.9.2/../../../avr/lib/avr4/crtatmega8.o
__vector_13                                       /usr/lib/gcc/avr/4.9.2/../../../avr/lib/avr4/crtatmega8.o
__vector_14                                       /usr/lib/gcc/avr/4.9.2/../../../avr/lib/avr4/crtatmega8.o
__vector_15                                       /usr/lib/gcc/avr/4.9.2/../../../avr/lib/avr4/crtatmega8.o
__vector_16                                       /usr/lib/gcc/avr/4.9.2/../../../avr/lib/avr4/crtatmega8.o
__vector_17                                       /usr/lib/gcc/avr/4.9.2/../../../avr/lib/avr4/crtatmega8.o
__vector_18                                       /usr/lib/gcc/avr/4.9.2/../../../avr/lib/avr4/crtatmega8.o
__vector_2                                        obj/Release/main.o
                                                  /usr/lib/gcc/avr/4.9.2/../../../avr/lib/avr4/crtatmega8.o
__vector_3                                        /usr/lib/gcc/avr/4.9.2/../../../avr/lib/avr4/crtatmega8.o
__vector_4                                        /usr/lib/gcc/avr/4.9.2/../../../avr/lib/avr4/crtatmega8.o
__vector_5                                        /usr/lib/gcc/avr/4.9.2/../../../avr/lib/avr4/crtatmega8.o
__vector_6                                        /usr/lib/gcc/avr/4.9.2/../../../avr/lib/avr4/crtatmega8.o
__vector_7                                        /usr/lib/gcc/avr/4.9.2/../../../avr/lib/avr4/crtatmega8.o
__vector_8                                        obj/Release/main.o
                                                  /usr/lib/gcc/avr/4.9.2/../../../avr/lib/avr4/crtatmega8.o
__vector_9                                        /usr/lib/gcc/avr/4.9.2/../../../avr/lib/avr4/crtatmega8.o
__vector_default                                  /usr/lib/gcc/avr/4.9.2/../../../avr/lib/avr4/crtatmega8.o
__vectors                                         /usr/lib/gcc/avr/4.9.2/../../../avr/lib/avr4/crtatmega8.o
_exit                                             /usr/lib/gcc/avr/4.9.2/avr4/libgcc.a(_exit.o)
disabletime_ms                                    obj/Release/main.o
eeprom_read_byte                                  /usr/lib/gcc/avr/4.9.2/../../../avr/lib/avr4/libatmega8.a(eerd_byte.o)
                                                  obj/Release/main.o
eeprom_write_byte                                 /usr/lib/gcc/avr/4.9.2/../../../avr/lib/avr4/libatmega8.a(eewr_byte.o)
                                                  obj/Release/main.o
eeprom_write_r18                                  /usr/lib/gcc/avr/4.9.2/../../../avr/lib/avr4/libatmega8.a(eewr_byte.o)
exit                                              /usr/lib/gcc/avr/4.9.2/avr4/libgcc.a(_exit.o)
                                                  /usr/lib/gcc/avr/4.9.2/../../../avr/lib/avr4/crtatmega8.o
fenabled                                          obj/Release/main.o
fsetupMode                                        obj/Release/main.o
lower_threshold                                   obj/Release/main.o
main                                              obj/Release/main.o
                                                  /usr/lib/gcc/avr/4.9.2/../../../avr/lib/avr4/crtatmega8.o
rpm_frequency                                     obj/Release/main.o
rpm_slope_count                                   obj/Release/main.o
shifttime_ms                                      obj/Release/main.o
strrev                                            /usr/lib/avr/lib//libc.a(strrev.o)
                                                  /usr/lib/avr/lib//libc.a(utoa_ncheck.o)
